LTspice 24.1.1 for Windows
Circuit: C:\Users\jimtr\OneDrive - polymtl\Projet\ELE2003_Table15\LesLTspice\deuxième moitié session\THE LTspice\MonCircuit.net
Start Time: Mon Nov  3 22:11:24 2025
solver = Normal
Maximum thread count: 8
tnom = 27
temp = 27
method = trap
WARNING: Node p004 is floating.
WARNING: Node n047 is floating.
WARNING: Node n042 is floating.

Early termination of direct N-R iteration.
Direct Newton iteration failed to find .op point.  (Use ".option noopiter" to skip.)
Starting Gmin stepping
Increasing initial diagonal Gmin to 100
Gmin = 100
vernier = 0.5
vernier = 0.25
Gmin = 34.2672
vernier = 0.125
vernier = 0.0625
vernier = 0.03125
vernier = 0.015625
Gmin = 33.0995
vernier = 0.0078125
vernier = 0.00390625
vernier = 0.00195312
Gmin = 32.9705
vernier = 0.000976562
vernier = 0.000488281
Gmin = 0
Gmin stepping failed

Starting source stepping with srcstepmethod=0
Source Step = 3.0303%
Source Step = 33.3333%
Source Step = 63.6364%
Source Step = 93.9394%
Source stepping succeeded in finding the operating point.

Total elapsed time: 1.147 seconds.

Files loaded:
C:\Users\jimtr\OneDrive - polymtl\Projet\ELE2003_Table15\LesLTspice\deuxième moitié session\THE LTspice\MonCircuit.net
C:\Users\jimtr\AppData\Local\LTspice\lib\cmp\standard.dio
C:\Users\jimtr\AppData\Local\LTspice\lib\cmp\standard.jft
C:\Users\jimtr\OneDrive - polymtl\Projet\ELE2003_Table15\LesLTspice\TL082.lib\TL082.301

