LTspice 24.1.5 for Windows
Circuit: C:\Users\pojeu\Desktop\École\A25\ELE2003\ELE2003_Table15\LesLTspice\avant_vrai_Projet\Filtre Passe-bande\Filtres separes_F_wizard.net
Start Time: Tue Oct 28 23:55:13 2025
solver = Normal
Maximum thread count: 16
tnom = 27
temp = 27
method = trap
Early termination of direct N-R iteration.
Direct Newton iteration failed to find .op point.  (Use ".option noopiter" to skip.)
Starting Gmin stepping
Gmin = 10
vernier = 0.5
vernier = 0.25
vernier = 0.125
Gmin = 5.6588
vernier = 0.0625
vernier = 0.03125
vernier = 0.015625
Gmin = 5.48561
vernier = 0.0078125
vernier = 0.00390625
vernier = 0.00195312
vernier = 0.000976562
Gmin = 5.50166
vernier = 0.000488281
Gmin = 0
Gmin stepping failed

Starting source stepping with srcstepmethod=0
Source Step = 3.0303%
Source Step = 33.3333%
Source Step = 63.6364%
Source Step = 93.9394%
Source stepping succeeded in finding the operating point.

Total elapsed time: 2.358 seconds.

Files loaded:
C:\Users\pojeu\Desktop\École\A25\ELE2003\ELE2003_Table15\LesLTspice\avant_vrai_Projet\Filtre Passe-bande\Filtres separes_F_wizard.net
C:\Users\pojeu\Desktop\École\A25\ELE2003\ELE2003_Table15\LesLTspice\TL082.lib\TL082.301

